[
  { "content": "ダンジョンA", "status": "completed", "ordinal": 1 }
]
